// Jest Snapshot v1, https://goo.gl/fbAQLP

exports[`Logo renders correctly 1`] = `
<div
  className="sc-bdVaJa icPBCE"
>
  <img
    alt="logo title"
    className="sc-htpNat hoGSrG"
    src="title.png"
  />
  <img
    alt="logo"
    className="sc-bwzfXH pBgPN"
    src="logo.png"
  />
</div>
`;
