// Jest Snapshot v1, https://goo.gl/fbAQLP

exports[`Dashboard renders correctly 1`] = `
<div
  className="sc-gzVnrw EFEtm"
>
  <div
    className="sc-htoDjs gmfqSo"
  >
    <h1
      className="sc-dnqmqq hTpVIo"
    >
      Hi 
       !
    </h1>
    <h2
      className="sc-iwsKbI jpysfj"
    >
      Itâ€™s great to see you again
    </h2>
    
  </div>
  <div
    className="sc-gqjmRU iJPaHM"
  >
    <p>
      Here's a breakdown of your average mood per day:
    </p>
    <div />
  </div>
</div>
`;
