// Jest Snapshot v1, https://goo.gl/fbAQLP

exports[`Conversations renders correctly 1`] = `
Array [
  <div
    className="sc-EHOje RSCmD"
  >
    <h1
      className="sc-bZQynM ijeeFp"
    >
      Conversations
    </h1>
  </div>,
  <div
    className="sc-bdVaJa dpATM"
  >
    
  </div>,
]
`;
