// Jest Snapshot v1, https://goo.gl/fbAQLP

exports[`Advice renders correctly 1`] = `
Array [
  <div
    className="sc-htpNat dEQUjC"
  >
    <h1
      className="sc-bxivhb kFbrlN"
    >
      Advice
    </h1>
  </div>,
  <div
    className="sc-bdVaJa cuaDBM"
  >
    <div
      className="Collapsible"
    >
      <span
        className="Collapsible__trigger is-closed"
        onClick={[Function]}
        onKeyPress={[Function]}
        style={null}
        tabIndex={null}
      >
        <h3>
          Section One
        </h3>
      </span>
      <div
        className="Collapsible__contentOuter"
        onTransitionEnd={[Function]}
        style={
          Object {
            "WebkitTransition": "height 300ms ease",
            "height": 0,
            "msTransition": "height 300ms ease",
            "overflow": "hidden",
            "transition": "height 300ms ease",
          }
        }
      >
        <div
          className="Collapsible__contentInner"
        >
          <div
            className="sc-bwzfXH flex items-center justify-center btEvd"
          >
            <p>
              Collapsible content 1
            </p>
            <a
              href="www.article.com"
              target="_blank"
            >
              Read more
            </a>
          </div>
          <div
            className="sc-bwzfXH flex items-center justify-center btEvd"
          >
            <p>
              Collapsible content 1
            </p>
            <a
              href="www.article.com"
              target="_blank"
            >
              Read more
            </a>
          </div>
        </div>
      </div>
    </div>
    <div
      className="Collapsible"
    >
      <span
        className="Collapsible__trigger is-closed"
        onClick={[Function]}
        onKeyPress={[Function]}
        style={null}
        tabIndex={null}
      >
        <h3>
          Section Two
        </h3>
      </span>
      <div
        className="Collapsible__contentOuter"
        onTransitionEnd={[Function]}
        style={
          Object {
            "WebkitTransition": "height 300ms ease",
            "height": 0,
            "msTransition": "height 300ms ease",
            "overflow": "hidden",
            "transition": "height 300ms ease",
          }
        }
      >
        <div
          className="Collapsible__contentInner"
        >
          <div
            className="sc-bwzfXH flex items-center justify-center btEvd"
          >
            <p>
              Collapsible content 1
            </p>
            <a
              href="www.article.com"
              target="_blank"
            >
              Read more
            </a>
          </div>
        </div>
      </div>
    </div>
    <div
      className="Collapsible"
    >
      <span
        className="Collapsible__trigger is-closed"
        onClick={[Function]}
        onKeyPress={[Function]}
        style={null}
        tabIndex={null}
      >
        <h3>
          Section Three
        </h3>
      </span>
      <div
        className="Collapsible__contentOuter"
        onTransitionEnd={[Function]}
        style={
          Object {
            "WebkitTransition": "height 300ms ease",
            "height": 0,
            "msTransition": "height 300ms ease",
            "overflow": "hidden",
            "transition": "height 300ms ease",
          }
        }
      >
        <div
          className="Collapsible__contentInner"
        >
          <div
            className="sc-bwzfXH flex items-center justify-center btEvd"
          >
            <p>
              Collapsible content 1
            </p>
            <a
              href="www.article.com"
              target="_blank"
            >
              Read more
            </a>
          </div>
          <div
            className="sc-bwzfXH flex items-center justify-center btEvd"
          >
            <p>
              Collapsible content 1
            </p>
            <a
              href="www.article.com"
              target="_blank"
            >
              Read more
            </a>
          </div>
          <div
            className="sc-bwzfXH flex items-center justify-center btEvd"
          >
            <p>
              Collapsible content 1
            </p>
            <a
              href="www.article.com"
              target="_blank"
            >
              Read more
            </a>
          </div>
        </div>
      </div>
    </div>
    <div
      className="Collapsible"
    >
      <span
        className="Collapsible__trigger is-closed"
        onClick={[Function]}
        onKeyPress={[Function]}
        style={null}
        tabIndex={null}
      >
        <h3>
          Section Four
        </h3>
      </span>
      <div
        className="Collapsible__contentOuter"
        onTransitionEnd={[Function]}
        style={
          Object {
            "WebkitTransition": "height 300ms ease",
            "height": 0,
            "msTransition": "height 300ms ease",
            "overflow": "hidden",
            "transition": "height 300ms ease",
          }
        }
      >
        <div
          className="Collapsible__contentInner"
        >
          <div
            className="sc-bwzfXH flex items-center justify-center btEvd"
          >
            <p>
              Collapsible content 1
            </p>
            <a
              href="www.article.com"
              target="_blank"
            >
              Read more
            </a>
          </div>
          <div
            className="sc-bwzfXH flex items-center justify-center btEvd"
          >
            <p>
              Collapsible content 1
            </p>
            <a
              href="www.article.com"
              target="_blank"
            >
              Read more
            </a>
          </div>
        </div>
      </div>
    </div>
  </div>,
]
`;
