// Jest Snapshot v1, https://goo.gl/fbAQLP

exports[`Title renders correctly 1`] = `
<div
  className="sc-bdVaJa khUSez"
>
  <h1
    className="sc-bwzfXH iTXHDO"
  >
    Bio
  </h1>
</div>
`;
