// Jest Snapshot v1, https://goo.gl/fbAQLP

exports[`Menu renders correctly 1`] = `
<div
  className="sc-bdVaJa fbaCFo"
>
  <i
    className="fas fa-bars sc-ifAKCX eEdOhH"
    onClick={[Function]}
  />
</div>
`;
