// Jest Snapshot v1, https://goo.gl/fbAQLP

exports[`Button renders correctly 1`] = `
<button
  className="sc-bdVaJa kigBsQ"
  onClick={[Function]}
  style={
    Object {
      "background": "red",
    }
  }
  type="submit"
>
  click me
</button>
`;
