// Jest Snapshot v1, https://goo.gl/fbAQLP

exports[`Input renders correctly 1`] = `
<label
  className="sc-bdVaJa eWdFUc"
  htmlFor="username"
>
  Username
   
  <input
    className="sc-bwzfXH eZzzSf"
    label="Username"
    name="username"
    style={
      Object {
        "width": "20rem",
      }
    }
    type="text"
    width="20rem"
  />
</label>
`;
