// Jest Snapshot v1, https://goo.gl/fbAQLP

exports[`Messages renders correctly 1`] = `
Array [
  <div
    className="sc-bdVaJa ctDytw"
  >
    <i
      aria-hidden="true"
      class="fa fa-angle-left"
      onClick={[Function]}
    />
    <p
      className="sc-bwzfXH iKrtUL"
    >
      
    </p>
    <p
      className="sc-bwzfXH iKrtUL"
    />
  </div>,
  <div
    className="sc-htpNat fkkHGS"
  >
    
    <div
      className="sc-bxivhb jANfsG"
    >
      <div>
        <p
          className="sc-ifAKCX gYPNTB"
        >
          
        </p>
        <p
          className="sc-ifAKCX gYPNTB"
        >
          
        </p>
      </div>
    </div>
  </div>,
]
`;
